// Jest Snapshot v1, https://goo.gl/fbAQLP

exports[`renders without crashing 1`] = `
<Fragment>
  <GlobalStyleComponent />
  <GlobalStyleComponent />
  <ThemeProvider
    theme={
      Object {
        "mode": "light",
      }
    }
  >
    <CustomFlex>
      <WithTheme(Card) />
      <ThemeSwitcher
        onThemeChange={[Function]}
        theme="light"
      />
    </CustomFlex>
  </ThemeProvider>
</Fragment>
`;
